JUnit version 4.13.2
..
Time: 0.006

OK (2 tests)

